#
# There is insufficient memory for the Java Runtime Environment to continue.
# Native memory allocation (malloc) failed to allocate 1048576 bytes for AllocateHeap
# Possible reasons:
#   The system is out of physical RAM or swap space
#   In 32 bit mode, the process size limit was hit
# Possible solutions:
#   Reduce memory load on the system
#   Increase physical memory or swap space
#   Check if swap backing store is full
#   Use 64 bit Java on a 64 bit OS
#   Decrease Java heap size (-Xmx/-Xms)
#   Decrease number of Java threads
#   Decrease Java thread stack sizes (-Xss)
#   Set larger code cache with -XX:ReservedCodeCacheSize=
# This output file may be truncated or incomplete.
#
#  Out of Memory Error (memory/allocation.inline.hpp:61), pid=28940, tid=0x00000000000011f4
#
# JRE version:  (8.0_111-b14) (build )
# Java VM: Java HotSpot(TM) 64-Bit Server VM (25.111-b14 mixed mode windows-amd64 compressed oops)
# Failed to write core dump. Minidumps are not enabled by default on client versions of Windows
#

---------------  T H R E A D  ---------------

Current thread (0x0000000002ab0800):  JavaThread "Unknown thread" [_thread_in_vm, id=4596, stack(0x00000000029b0000,0x0000000002ab0000)]

Stack: [0x00000000029b0000,0x0000000002ab0000]
[error occurred during error reporting (printing stack bounds), id 0xc0000005]

Native frames: (J=compiled Java code, j=interpreted, Vv=VM code, C=native code)


---------------  P R O C E S S  ---------------

Java Threads: ( => current thread )

Other Threads:

=>0x0000000002ab0800 (exited) JavaThread "Unknown thread" [_thread_in_vm, id=4596, stack(0x00000000029b0000,0x0000000002ab0000)]

VM state:not at safepoint (normal execution)

VM Mutex/Monitor currently owned by a thread: None

Heap:
 PSYoungGen      total 56832K, used 983K [0x0000000780e00000, 0x0000000784d00000, 0x00000007c0000000)
  eden space 49152K, 2% used [0x0000000780e00000,0x0000000780ef5c38,0x0000000783e00000)
  from space 7680K, 0% used [0x0000000784580000,0x0000000784580000,0x0000000784d00000)
  to   space 7680K, 0% used [0x0000000783e00000,0x0000000783e00000,0x0000000784580000)
 ParOldGen       total 130048K, used 0K [0x0000000702a00000, 0x000000070a900000, 0x0000000780e00000)
  object space 130048K, 0% used [0x0000000702a00000,0x0000000702a00000,0x000000070a900000)
 Metaspace       used 770K, capacity 4480K, committed 4480K, reserved 1056768K
  class space    used 75K, capacity 384K, committed 384K, reserved 1048576K

Card table byte_map: [0x0000000011f70000,0x0000000012560000] byte_map_base: 0x000000000e75b000

Marking Bits: (ParMarkBitMap*) 0x000000006d27a6c0
 Begin Bits: [0x0000000013160000, 0x00000000160b8000)
 End Bits:   [0x00000000160b8000, 0x0000000019010000)

Polling page: 0x0000000000cd0000

CodeCache: size=245760Kb used=328Kb max_used=328Kb free=245431Kb
 bounds [0x0000000002bb0000, 0x0000000002e20000, 0x0000000011bb0000]
 total_blobs=58 nmethods=0 adapters=38
 compilation: enabled

Compilation events (0 events):
No events

GC Heap History (0 events):
No events

Deoptimization events (0 events):
No events

Internal exceptions (0 events):
No events

Events (10 events):
Event: 0.037 loading class java/lang/Short
Event: 0.037 loading class java/lang/Short done
Event: 0.037 loading class java/lang/Integer
Event: 0.038 loading class java/lang/Integer done
Event: 0.038 loading class java/lang/Long
Event: 0.038 loading class java/lang/Long done
Event: 0.039 loading class java/lang/NullPointerException
Event: 0.039 loading class java/lang/NullPointerException done
Event: 0.039 loading class java/lang/ArithmeticException
Event: 0.039 loading class java/lang/ArithmeticException done


Dynamic libraries:
0x00007ff75e410000 - 0x00007ff75e447000 	C:\Program Files\Java\jdk1.8.0_111\bin\java.exe
0x00007ffb54b30000 - 0x00007ffb54d28000 	C:\WINDOWS\SYSTEM32\ntdll.dll
0x00007ffb535c0000 - 0x00007ffb53682000 	C:\WINDOWS\System32\KERNEL32.DLL
0x00007ffb52490000 - 0x00007ffb52786000 	C:\WINDOWS\System32\KERNELBASE.dll
0x00007ffb53cc0000 - 0x00007ffb53d71000 	C:\WINDOWS\System32\ADVAPI32.dll
0x00007ffb53380000 - 0x00007ffb5341e000 	C:\WINDOWS\System32\msvcrt.dll
0x00007ffb53460000 - 0x00007ffb534ff000 	C:\WINDOWS\System32\sechost.dll
0x00007ffb52bb0000 - 0x00007ffb52cd0000 	C:\WINDOWS\System32\RPCRT4.dll
0x00007ffb52860000 - 0x00007ffb52887000 	C:\WINDOWS\System32\bcrypt.dll
0x00007ffb53120000 - 0x00007ffb532c1000 	C:\WINDOWS\System32\USER32.dll
0x00007ffb52790000 - 0x00007ffb527b2000 	C:\WINDOWS\System32\win32u.dll
0x00007ffb53580000 - 0x00007ffb535ab000 	C:\WINDOWS\System32\GDI32.dll
0x00007ffb521c0000 - 0x00007ffb522d9000 	C:\WINDOWS\System32\gdi32full.dll
0x00007ffb527c0000 - 0x00007ffb5285d000 	C:\WINDOWS\System32\msvcp_win.dll
0x00007ffb522e0000 - 0x00007ffb523e0000 	C:\WINDOWS\System32\ucrtbase.dll
0x00007ffb3c060000 - 0x00007ffb3c2fb000 	C:\WINDOWS\WinSxS\amd64_microsoft.windows.common-controls_6595b64144ccf1df_6.0.19041.6456_none_60b8a6cb71f64256\COMCTL32.dll
0x00007ffb53430000 - 0x00007ffb5345f000 	C:\WINDOWS\System32\IMM32.DLL
0x000000006c980000 - 0x000000006ca52000 	C:\Program Files\Java\jdk1.8.0_111\jre\bin\msvcr100.dll
0x000000006ca60000 - 0x000000006d2fa000 	C:\Program Files\Java\jdk1.8.0_111\jre\bin\server\jvm.dll
0x00007ffb53420000 - 0x00007ffb53428000 	C:\WINDOWS\System32\PSAPI.DLL
0x00007ffb49a70000 - 0x00007ffb49a7a000 	C:\WINDOWS\SYSTEM32\VERSION.dll
0x00007ffb37a40000 - 0x00007ffb37a49000 	C:\WINDOWS\SYSTEM32\WSOCK32.dll
0x00007ffb3fa40000 - 0x00007ffb3fa67000 	C:\WINDOWS\SYSTEM32\WINMM.dll
0x00007ffb53c40000 - 0x00007ffb53cab000 	C:\WINDOWS\System32\WS2_32.dll
0x00000000705d0000 - 0x00000000705df000 	C:\Program Files\Java\jdk1.8.0_111\jre\bin\verify.dll
0x000000006c950000 - 0x000000006c979000 	C:\Program Files\Java\jdk1.8.0_111\jre\bin\java.dll
0x000000006c930000 - 0x000000006c946000 	C:\Program Files\Java\jdk1.8.0_111\jre\bin\zip.dll

VM Arguments:
jvm_args: -Dfile.encoding=UTF-8 
java_command: tpeda.TPEDA
java_class_path (initial): D:\ULP\EDA\Segundo Parcial\Fixture-de-la-copa-TRABAJO-INTEGRADOR-SEGUNDO-PARCIAL\TPEDA\build\classes
Launcher Type: SUN_STANDARD

Environment Variables:
PATH=c:\scripts\;c:\;c:\program files (x86)\common files\oracle\java\javapath;c:\windows\system32;c:\windows;c:\windows\system32\wbem;c:\windows\system32\windowspowershell\v1.0\;c:\program files\intel\wifi\bin\;c:\program files\common files\intel\wirelesscommon\;c:\windows\system32;c:\windows;c:\windows\system32\wbem;c:\windows\system32\windowspowershell\v1.0\;c:\windows\system32\openssh\;c:\windows\system32;c:\windows;c:\windows\system32\wbem;c:\windows\system32\windowspowershell\v1.0\;c:\windows\system32\openssh\;c:\program files\dotnet\;d:\programas\git\cmd;d:\programas\codeblocks\mingw\bin;;C:\Program Files\NVIDIA Corporation\NVIDIA app\NvDLISR;C:\Program Files (x86)\NVIDIA Corporation\PhysX\Common;C:\python\Scripts\;C:\python\;C:\Users\edgar\AppData\Local\Microsoft\WindowsApps;C:\Users\edgar\AppData\Local\GitHubDesktop\bin;D:\Programas\Microsoft VS Code\bin
USERNAME=edgar
OS=Windows_NT
PROCESSOR_IDENTIFIER=Intel64 Family 6 Model 94 Stepping 3, GenuineIntel



---------------  S Y S T E M  ---------------

OS: Windows 10.0 , 64 bit Build 19041 (10.0.19041.5915)

CPU:total 8 (4 cores per cpu, 2 threads per core) family 6 model 94 stepping 3, cmov, cx8, fxsr, mmx, sse, sse2, sse3, ssse3, sse4.1, sse4.2, popcnt, avx, avx2, aes, clmul, erms, rtm, 3dnowpref, lzcnt, ht, tsc, tscinvbit, bmi1, bmi2, adx

Memory: 4k page, physical 12406560k(3225060k free), swap 18264684k(5824k free)

vm_info: Java HotSpot(TM) 64-Bit Server VM (25.111-b14) for windows-amd64 JRE (1.8.0_111-b14), built on Sep 22 2016 19:24:05 by "java_re" with MS VC++ 10.0 (VS2010)

time: Wed Jun 10 09:35:24 2026
elapsed time: 0 seconds (0d 0h 0m 0s)

